C:\Users\edenzler.PADALUMA\source\repos\TouchMappingAgent\TouchMappingAgent.Service\Validation\SecureJsonDeserializer.cs(20,32): error CS0246: Der Typ- oder Namespacename "DefaultJsonTypeInfoResolver" wurde nicht gefunden (möglicherweise fehlt eine using-Direktive oder ein Assemblyverweis). [C:\Users\edenzler.PADALUMA\source\repos\TouchMappingAgent\TouchMappingAgent.Service\TouchMappingAgent.Service.csproj]
C:\Users\edenzler.PADALUMA\source\repos\TouchMappingAgent\TouchMappingAgent.Service\IPC\SecureNamedPipeFactory.cs(26,46): error CS1739: Die beste Überladung für "SetAccessRuleProtection" enthält keinen Parameter mit dem Namen "protect". [C:\Users\edenzler.PADALUMA\source\repos\TouchMappingAgent\TouchMappingAgent.Service\TouchMappingAgent.Service.csproj]
C:\Users\edenzler.PADALUMA\source\repos\TouchMappingAgent\TouchMappingAgent.Service\IPC\SecureNamedPipeFactory.cs(57,13): error CS1739: Die beste Überladung für "NamedPipeServerStream" enthält keinen Parameter mit dem Namen "pipeSecurity". [C:\Users\edenzler.PADALUMA\source\repos\TouchMappingAgent\TouchMappingAgent.Service\TouchMappingAgent.Service.csproj]
C:\Users\edenzler.PADALUMA\source\repos\TouchMappingAgent\TouchMappingAgent.Service\Logging\ComplianceAuditLogger.cs(74,58): error CS1739: Die beste Überladung für "WriteEntry" enthält keinen Parameter mit dem Namen "eventId". [C:\Users\edenzler.PADALUMA\source\repos\TouchMappingAgent\TouchMappingAgent.Service\TouchMappingAgent.Service.csproj]
C:\Users\edenzler.PADALUMA\source\repos\TouchMappingAgent\TouchMappingAgent.Service\Program.cs(34,43): error CS0104: "ILogger" ist ein mehrdeutiger Verweis zwischen "TouchMappingAgent.Service.Integration.ILogger" und "TouchMappingAgent.Service.Services.ILogger". [C:\Users\edenzler.PADALUMA\source\repos\TouchMappingAgent\TouchMappingAgent.Service\TouchMappingAgent.Service.csproj]
C:\Users\edenzler.PADALUMA\source\repos\TouchMappingAgent\TouchMappingAgent.Service\Program.cs(34,30): error CS0311: Der Typ "TouchMappingAgent.Service.Integration.SimpleLogger" kann nicht als Typparameter "TImplementation" im generischen Typ oder in der generischen Methode "ServiceCollectionServiceExtensions.AddSingleton<TService, TImplementation>(IServiceCollection)" verwendet werden. Es ist keine implizite Verweiskonvertierung von "TouchMappingAgent.Service.Integration.SimpleLogger" in "TouchMappingAgent.Service.Integration.ILogger" vorhanden. [C:\Users\edenzler.PADALUMA\source\repos\TouchMappingAgent\TouchMappingAgent.Service\TouchMappingAgent.Service.csproj]
C:\Users\edenzler.PADALUMA\source\repos\TouchMappingAgent\TouchMappingAgent.Service\Program.cs(67,29): error CS1061: "ILoggingBuilder" enthält keine Definition für "ClearProviders", und es konnte keine zugängliche ClearProviders-Erweiterungsmethode gefunden werden, die ein erstes Argument vom Typ "ILoggingBuilder" akzeptiert (möglicherweise fehlt eine using-Direktive oder ein Assemblyverweis). [C:\Users\edenzler.PADALUMA\source\repos\TouchMappingAgent\TouchMappingAgent.Service\TouchMappingAgent.Service.csproj]
C:\Users\edenzler.PADALUMA\source\repos\TouchMappingAgent\TouchMappingAgent.Service\Program.cs(70,29): error CS1061: "ILoggingBuilder" enthält keine Definition für "AddDebug", und es konnte keine zugängliche AddDebug-Erweiterungsmethode gefunden werden, die ein erstes Argument vom Typ "ILoggingBuilder" akzeptiert (möglicherweise fehlt eine using-Direktive oder ein Assemblyverweis). [C:\Users\edenzler.PADALUMA\source\repos\TouchMappingAgent\TouchMappingAgent.Service\TouchMappingAgent.Service.csproj]
C:\Users\edenzler.PADALUMA\source\repos\TouchMappingAgent\TouchMappingAgent.Service\Program.cs(95,59): error CS0104: "ILogger" ist ein mehrdeutiger Verweis zwischen "TouchMappingAgent.Service.Integration.ILogger" und "TouchMappingAgent.Service.Services.ILogger". [C:\Users\edenzler.PADALUMA\source\repos\TouchMappingAgent\TouchMappingAgent.Service\TouchMappingAgent.Service.csproj]
C:\Users\edenzler.PADALUMA\source\repos\TouchMappingAgent\TouchMappingAgent.Service\IPC\SecureNamedPipeFactory.cs(111,20): error CS1061: "NamedPipeClientStream" enthält keine Definition für "RunAsClient", und es konnte keine zugängliche RunAsClient-Erweiterungsmethode gefunden werden, die ein erstes Argument vom Typ "NamedPipeClientStream" akzeptiert (möglicherweise fehlt eine using-Direktive oder ein Assemblyverweis). [C:\Users\edenzler.PADALUMA\source\repos\TouchMappingAgent\TouchMappingAgent.Service\TouchMappingAgent.Service.csproj]
C:\Users\edenzler.PADALUMA\source\repos\TouchMappingAgent\TouchMappingAgent.Service\Services\DisplayRefreshService.cs(64,32): error CS1503: Argument "1": Konvertierung von "System.DllNotFoundException" in "string" nicht möglich. [C:\Users\edenzler.PADALUMA\source\repos\TouchMappingAgent\TouchMappingAgent.Service\TouchMappingAgent.Service.csproj]
C:\Users\edenzler.PADALUMA\source\repos\TouchMappingAgent\TouchMappingAgent.Service\Services\DisplayRefreshService.cs(64,36): error CS1503: Argument "2": Konvertierung von "string" in "params object?[]" nicht möglich. [C:\Users\edenzler.PADALUMA\source\repos\TouchMappingAgent\TouchMappingAgent.Service\TouchMappingAgent.Service.csproj]
C:\Users\edenzler.PADALUMA\source\repos\TouchMappingAgent\TouchMappingAgent.Service\Services\DisplayRefreshService.cs(69,32): error CS1503: Argument "1": Konvertierung von "System.Exception" in "string" nicht möglich. [C:\Users\edenzler.PADALUMA\source\repos\TouchMappingAgent\TouchMappingAgent.Service\TouchMappingAgent.Service.csproj]
C:\Users\edenzler.PADALUMA\source\repos\TouchMappingAgent\TouchMappingAgent.Service\Services\DisplayRefreshService.cs(69,36): error CS1503: Argument "2": Konvertierung von "string" in "params object?[]" nicht möglich. [C:\Users\edenzler.PADALUMA\source\repos\TouchMappingAgent\TouchMappingAgent.Service\TouchMappingAgent.Service.csproj]
C:\Users\edenzler.PADALUMA\source\repos\TouchMappingAgent\TouchMappingAgent.Service\Services\DisplayRefreshService.cs(99,32): error CS1503: Argument "1": Konvertierung von "System.Exception" in "string" nicht möglich. [C:\Users\edenzler.PADALUMA\source\repos\TouchMappingAgent\TouchMappingAgent.Service\TouchMappingAgent.Service.csproj]
C:\Users\edenzler.PADALUMA\source\repos\TouchMappingAgent\TouchMappingAgent.Service\Services\DisplayRefreshService.cs(99,36): error CS1503: Argument "2": Konvertierung von "string" in "params object?[]" nicht möglich. [C:\Users\edenzler.PADALUMA\source\repos\TouchMappingAgent\TouchMappingAgent.Service\TouchMappingAgent.Service.csproj]
C:\Users\edenzler.PADALUMA\source\repos\TouchMappingAgent\TouchMappingAgent.Service\Services\BackupService.cs(63,36): error CS1503: Argument "1": Konvertierung von "System.UnauthorizedAccessException" in "string" nicht möglich. [C:\Users\edenzler.PADALUMA\source\repos\TouchMappingAgent\TouchMappingAgent.Service\TouchMappingAgent.Service.csproj]
C:\Users\edenzler.PADALUMA\source\repos\TouchMappingAgent\TouchMappingAgent.Service\Services\BackupService.cs(63,40): error CS1503: Argument "2": Konvertierung von "string" in "params object?[]" nicht möglich. [C:\Users\edenzler.PADALUMA\source\repos\TouchMappingAgent\TouchMappingAgent.Service\TouchMappingAgent.Service.csproj]
C:\Users\edenzler.PADALUMA\source\repos\TouchMappingAgent\TouchMappingAgent.Service\Services\AdvancedRepairService.cs(54,32): error CS1503: Argument "1": Konvertierung von "System.Exception" in "string" nicht möglich. [C:\Users\edenzler.PADALUMA\source\repos\TouchMappingAgent\TouchMappingAgent.Service\TouchMappingAgent.Service.csproj]
C:\Users\edenzler.PADALUMA\source\repos\TouchMappingAgent\TouchMappingAgent.Service\Services\AdvancedRepairService.cs(54,36): error CS1503: Argument "2": Konvertierung von "string" in "params object?[]" nicht möglich. [C:\Users\edenzler.PADALUMA\source\repos\TouchMappingAgent\TouchMappingAgent.Service\TouchMappingAgent.Service.csproj]
C:\Users\edenzler.PADALUMA\source\repos\TouchMappingAgent\TouchMappingAgent.Service\Services\AdvancedRepairService.cs(166,44): error CS1503: Argument "1": Konvertierung von "System.Exception" in "string" nicht möglich. [C:\Users\edenzler.PADALUMA\source\repos\TouchMappingAgent\TouchMappingAgent.Service\TouchMappingAgent.Service.csproj]
C:\Users\edenzler.PADALUMA\source\repos\TouchMappingAgent\TouchMappingAgent.Service\Services\AdvancedRepairService.cs(181,32): error CS1503: Argument "1": Konvertierung von "System.Exception" in "string" nicht möglich. [C:\Users\edenzler.PADALUMA\source\repos\TouchMappingAgent\TouchMappingAgent.Service\TouchMappingAgent.Service.csproj]
C:\Users\edenzler.PADALUMA\source\repos\TouchMappingAgent\TouchMappingAgent.Service\Services\AdvancedRepairService.cs(181,36): error CS1503: Argument "2": Konvertierung von "string" in "params object?[]" nicht möglich. [C:\Users\edenzler.PADALUMA\source\repos\TouchMappingAgent\TouchMappingAgent.Service\TouchMappingAgent.Service.csproj]
C:\Users\edenzler.PADALUMA\source\repos\TouchMappingAgent\TouchMappingAgent.Service\Services\AdvancedRepairService.cs(226,44): error CS1503: Argument "1": Konvertierung von "System.UnauthorizedAccessException" in "string" nicht möglich. [C:\Users\edenzler.PADALUMA\source\repos\TouchMappingAgent\TouchMappingAgent.Service\TouchMappingAgent.Service.csproj]
C:\Users\edenzler.PADALUMA\source\repos\TouchMappingAgent\TouchMappingAgent.Service\Services\AdvancedRepairService.cs(231,44): error CS1503: Argument "1": Konvertierung von "System.Exception" in "string" nicht möglich. [C:\Users\edenzler.PADALUMA\source\repos\TouchMappingAgent\TouchMappingAgent.Service\TouchMappingAgent.Service.csproj]
C:\Users\edenzler.PADALUMA\source\repos\TouchMappingAgent\TouchMappingAgent.Service\Services\AdvancedRepairService.cs(290,32): error CS1503: Argument "1": Konvertierung von "System.Exception" in "string" nicht möglich. [C:\Users\edenzler.PADALUMA\source\repos\TouchMappingAgent\TouchMappingAgent.Service\TouchMappingAgent.Service.csproj]
C:\Users\edenzler.PADALUMA\source\repos\TouchMappingAgent\TouchMappingAgent.Service\Services\AdvancedRepairService.cs(290,36): error CS1503: Argument "2": Konvertierung von "string" in "params object?[]" nicht möglich. [C:\Users\edenzler.PADALUMA\source\repos\TouchMappingAgent\TouchMappingAgent.Service\TouchMappingAgent.Service.csproj]
C:\Users\edenzler.PADALUMA\source\repos\TouchMappingAgent\TouchMappingAgent.Service\IPC\NamedPipeServer.cs(302,32): error CS1998: This async method lacks 'await' operators and will run synchronously. Consider using the 'await' operator to await non-blocking API calls, or 'await Task.Run(...)' to do CPU-bound work on a background thread. [C:\Users\edenzler.PADALUMA\source\repos\TouchMappingAgent\TouchMappingAgent.Service\TouchMappingAgent.Service.csproj]

Fehler beim Buildvorgang.
    2 Warnung(en)
    28 Fehler

Verstrichene Zeit 00:00:02.67
